[0m13:32:57.401175 [debug] [MainThread]: Sending event: {'category': 'dbt', 'action': 'invocation', 'label': 'start', 'context': [<snowplow_tracker.self_describing_json.SelfDescribingJson object at 0x000001630B6182F0>, <snowplow_tracker.self_describing_json.SelfDescribingJson object at 0x000001630D823D90>, <snowplow_tracker.self_describing_json.SelfDescribingJson object at 0x000001630D823B10>]}


============================== 13:32:57.427214 | 7b6d9a2d-fdec-4f5e-bfd0-059c51783272 ==============================
[0m13:32:57.427214 [info ] [MainThread]: Running with dbt=1.12.0
[0m13:32:57.429654 [debug] [MainThread]: running dbt with arguments {'maximum_seed_size_mib': '1', 'no_print': 'None', 'version_check': 'True', 'warn_error_options': 'WarnErrorOptionsV2(error=[], warn=[], silence=[])', 'target_path': 'None', 'static_parser': 'True', 'printer_width': '80', 'write_json': 'True', 'empty': 'None', 'log_cache_events': 'False', 'introspect': 'True', 'cache_selected_only': 'False', 'log_format': 'default', 'debug': 'False', 'fail_fast': 'False', 'partial_parse': 'True', 'send_anonymous_usage_stats': 'True', 'quiet': 'False', 'warn_error': 'None', 'profiles_dir': 'C:\\Users\\abina\\.dbt', 'indirect_selection': 'eager', 'hints_enabled': 'True', 'invocation_command': 'dbt init atmosync_dbt', 'use_experimental_parser': 'False', 'use_colors': 'True', 'log_path': 'logs'}
[0m13:32:57.511632 [info ] [MainThread]: Creating dbt configuration folder at C:\Users\abina\.dbt
[0m13:32:57.528792 [debug] [MainThread]: Starter project path: C:\Users\abina\AppData\Local\Programs\Python\Python313\Lib\site-packages\dbt\include\starter_project
[0m13:32:57.612528 [info ] [MainThread]: Setting up your profile.
[0m13:33:40.957204 [debug] [MainThread]: Snowflake adapter: Setting snowflake.connector to ERROR (file logging only)
[0m13:33:40.957877 [debug] [MainThread]: Snowflake adapter: Setting botocore to ERROR (file logging only)
[0m13:33:40.958352 [debug] [MainThread]: Snowflake adapter: Setting boto3 to ERROR (file logging only)
[0m13:39:22.389990 [info ] [MainThread]: Profile atmosync_dbt written to C:\Users\abina\.dbt\profiles.yml using target's profile_template.yml and your supplied values.
[0m13:39:22.409669 [info ] [MainThread]: Running dbt debug to validate the project...
[0m13:39:22.411697 [info ] [MainThread]: dbt version: 1.12.0
[0m13:39:22.412860 [info ] [MainThread]: python version: 3.13.0
[0m13:39:22.413679 [info ] [MainThread]: python path: C:\Users\abina\AppData\Local\Programs\Python\Python313\python.exe
[0m13:39:22.414398 [info ] [MainThread]: os info: Windows-11-10.0.26200-SP0
[0m13:39:22.559529 [info ] [MainThread]: Using profiles dir at C:\Users\abina\.dbt
[0m13:39:22.560914 [info ] [MainThread]: Using profiles.yml file at C:\Users\abina\.dbt\profiles.yml
[0m13:39:22.562134 [info ] [MainThread]: Using dbt_project.yml file at C:\Users\abina\Downloads\Atmo sync Data Analytics\atmosync_dbt\dbt_project.yml
[0m13:39:22.565484 [info ] [MainThread]: adapter type: snowflake
[0m13:39:22.566696 [info ] [MainThread]: adapter version: 1.12.0
[0m13:39:22.778947 [info ] [MainThread]: Configuration:
[0m13:39:22.779988 [info ] [MainThread]:   profiles.yml file [[32mOK found and valid[0m]
[0m13:39:22.780946 [info ] [MainThread]:   dbt_project.yml file [[32mOK found and valid[0m]
[0m13:39:22.781694 [info ] [MainThread]: Required dependencies:
[0m13:39:22.782488 [debug] [MainThread]: Executing "git --help"
[0m13:39:23.676732 [debug] [MainThread]: STDOUT: "b"usage: git [-v | --version] [-h | --help] [-C <path>] [-c <name>=<value>]\n           [--exec-path[=<path>]] [--html-path] [--man-path] [--info-path]\n           [-p | --paginate | -P | --no-pager] [--no-replace-objects] [--no-lazy-fetch]\n           [--no-optional-locks] [--no-advice] [--bare] [--git-dir=<path>]\n           [--work-tree=<path>] [--namespace=<name>] [--config-env=<name>=<envvar>]\n           <command> [<args>]\n\nThese are common Git commands used in various situations:\n\nstart a working area (see also: git help tutorial)\n   clone      Clone a repository into a new directory\n   init       Create an empty Git repository or reinitialize an existing one\n\nwork on the current change (see also: git help everyday)\n   add        Add file contents to the index\n   mv         Move or rename a file, a directory, or a symlink\n   restore    Restore working tree files\n   rm         Remove files from the working tree and from the index\n\nexamine the history and state (see also: git help revisions)\n   bisect     Use binary search to find the commit that introduced a bug\n   diff       Show changes between commits, commit and working tree, etc\n   grep       Print lines matching a pattern\n   log        Show commit logs\n   show       Show various types of objects\n   status     Show the working tree status\n\ngrow, mark and tweak your common history\n   backfill   Download missing objects in a partial clone\n   branch     List, create, or delete branches\n   commit     Record changes to the repository\n   history    EXPERIMENTAL: Rewrite history\n   merge      Join two or more development histories together\n   rebase     Reapply commits on top of another base tip\n   reset      Set `HEAD` or the index to a known state\n   switch     Switch branches\n   tag        Create, list, delete or verify tags\n\ncollaborate (see also: git help workflows)\n   fetch      Download objects and refs from another repository\n   pull       Fetch from and integrate with another repository or a local branch\n   push       Update remote refs along with associated objects\n\n'git help -a' and 'git help -g' list available subcommands and some\nconcept guides. See 'git help <command>' or 'git help <concept>'\nto read about a specific subcommand or concept.\nSee 'git help git' for an overview of the system.\n""
[0m13:39:23.677587 [debug] [MainThread]: STDERR: "b''"
[0m13:39:23.678471 [info ] [MainThread]:  - git [[32mOK found[0m]

[0m13:39:23.679333 [info ] [MainThread]: Connection:
[0m13:39:23.680119 [info ] [MainThread]:   account: xjlgegz-um28221
[0m13:39:23.680987 [info ] [MainThread]:   user: Abinashpatra038
[0m13:39:23.681836 [info ] [MainThread]:   database: ATMOSYNC_DB
[0m13:39:23.682645 [info ] [MainThread]:   warehouse: COMPUTE_WH
[0m13:39:23.683553 [info ] [MainThread]:   role: ACCOUNTADMIN
[0m13:39:23.684364 [info ] [MainThread]:   schema: RAW
[0m13:39:23.685149 [info ] [MainThread]:   authenticator: None
[0m13:39:23.686029 [info ] [MainThread]:   oauth_client_id: None
[0m13:39:23.686882 [info ] [MainThread]:   query_tag: None
[0m13:39:23.687585 [info ] [MainThread]:   client_session_keep_alive: False
[0m13:39:23.688320 [info ] [MainThread]:   host: None
[0m13:39:23.689176 [info ] [MainThread]:   port: None
[0m13:39:23.689980 [info ] [MainThread]:   proxy_host: None
[0m13:39:23.690708 [info ] [MainThread]:   proxy_port: None
[0m13:39:23.691351 [info ] [MainThread]:   protocol: None
[0m13:39:23.692085 [info ] [MainThread]:   connect_retries: 1
[0m13:39:23.692690 [info ] [MainThread]:   connect_timeout: None
[0m13:39:23.693417 [info ] [MainThread]:   retry_on_database_errors: False
[0m13:39:23.694007 [info ] [MainThread]:   retry_all: False
[0m13:39:23.694683 [info ] [MainThread]:   insecure_mode: False
[0m13:39:23.695396 [info ] [MainThread]:   reuse_connections: True
[0m13:39:23.695938 [info ] [MainThread]:   s3_stage_vpce_dns_name: None
[0m13:39:23.696619 [info ] [MainThread]:   workload_identity_provider: None
[0m13:39:23.697299 [info ] [MainThread]:   workload_identity_entra_resource: None
[0m13:39:23.697959 [info ] [MainThread]:   platform_detection_timeout_seconds: 0.0
[0m13:39:23.699320 [info ] [MainThread]: Registered adapter: snowflake=1.12.0
[0m13:39:24.646050 [debug] [MainThread]: Acquiring new snowflake connection 'debug'
[0m13:39:24.654500 [debug] [MainThread]: Using snowflake connection "debug"
[0m13:39:24.655256 [debug] [MainThread]: On debug: select 1 as id
[0m13:39:24.655758 [debug] [MainThread]: Opening a new connection, currently in state init
[0m13:39:26.901017 [debug] [MainThread]: SQL status: SUCCESS 1 in 2.245 seconds
[0m13:39:26.903085 [info ] [MainThread]:   Connection test: [[32mOK connection ok[0m]

[0m13:39:26.904148 [info ] [MainThread]: [32mAll checks passed![0m
[0m13:39:26.905236 [info ] [MainThread]: Your new dbt project "atmosync_dbt" was created!
Initialized new project in C:\Users\abina\Downloads\Atmo sync Data Analytics\atmosync_dbt\atmosync_dbt

For more information on how to configure the profiles.yml file,
please consult the dbt documentation here:

  https://docs.getdbt.com/docs/configure-your-profile

One more thing:

Need help? Don't hesitate to reach out to us via GitHub issues or on Slack:

  https://community.getdbt.com/

Happy modeling!

[0m13:39:26.907450 [debug] [MainThread]: Command `dbt init` succeeded at 13:39:26.907183 after 389.83 seconds
[0m13:39:26.908123 [debug] [MainThread]: Connection 'debug' was left open.
[0m13:39:26.909178 [debug] [MainThread]: On debug: Close
[0m13:39:27.131499 [debug] [MainThread]: Sending event: {'category': 'dbt', 'action': 'invocation', 'label': 'end', 'context': [<snowplow_tracker.self_describing_json.SelfDescribingJson object at 0x0000016327228B00>, <snowplow_tracker.self_describing_json.SelfDescribingJson object at 0x00000163271EF0B0>, <snowplow_tracker.self_describing_json.SelfDescribingJson object at 0x000001632718AF10>]}
[0m13:39:27.132591 [debug] [MainThread]: Flushing usage events
[0m13:39:29.331408 [debug] [MainThread]: An error was encountered while trying to flush usage events
